[10:16:07] pausing queue + freeing GPU
[10:18:00] GPU free
[10:18:00] === FLUX seamless-tile feasibility check ===
loading FLUX.1-schnell (CPU-offloaded)...
/run/media/mhintermeister/secondary_drive1/comfy/ComfyUI/.venv/lib/python3.12/site-packages/diffusers/utils/deprecation_utils.py:23: FutureWarning: `torch_dtype` is deprecated and will be removed in version 1.0.0. Please use `dtype` instead.
  deprecate("torch_dtype", "1.0.0", _TORCH_DTYPE_DEPRECATION_MESSAGE)
Loading pipeline components...:   0%|          | 0/7 [00:00<?, ?it/s]
Loading weights:   0%|          | 0/219 [00:00<?, ?it/s][ALoading weights: 100%|██████████| 219/219 [00:00<00:00, 9366.77it/s]
Loading pipeline components...:  29%|██▊       | 2/7 [00:00<00:00, 12.32it/s]
Loading weights:   0%|          | 0/196 [00:00<?, ?it/s][ALoading weights: 100%|██████████| 196/196 [00:00<00:00, 9008.05it/s]
Loading pipeline components...:  57%|█████▋    | 4/7 [00:00<00:00, 10.22it/s]
Loading checkpoint shards:   0%|          | 0/3 [00:00<?, ?it/s][ALoading checkpoint shards: 100%|██████████| 3/3 [00:00<00:00, 55.82it/s]
Loading pipeline components...:  86%|████████▌ | 6/7 [00:00<00:00,  7.08it/s]Loading pipeline components...: 100%|██████████| 7/7 [00:00<00:00,  8.85it/s]
  0%|          | 0/4 [00:00<?, ?it/s] 25%|██▌       | 1/4 [00:26<01:19, 26.55s/it] 50%|█████     | 2/4 [00:27<00:23, 11.59s/it] 75%|███████▌  | 3/4 [00:28<00:06,  6.81s/it]100%|██████████| 4/4 [00:29<00:00,  4.56s/it]100%|██████████| 4/4 [00:29<00:00,  7.48s/it]
wrote concrete
DONE
[10:18:56] ok
[10:18:56] removing hold + resuming
[10:19:36] verified healthy
[10:19:36] === DONE ===
